gcc -g p1final.c
 gdb a.out
GNU gdb (Ubuntu 8.1.1-0ubuntu1) 8.1.1
Copyright (C) 2018 Free Software Foundation, Inc.
License GPLv3+: GNU GPL version 3 or later <http://gnu.org/licenses/gpl.html>
This is free software: you are free to change and redistribute it.
There is NO WARRANTY, to the extent permitted by law.  Type "show copying"
and "show warranty" for details.
This GDB was configured as "x86_64-linux-gnu".
Type "show configuration" for configuration details.
For bug reporting instructions, please see:
<http://www.gnu.org/software/gdb/bugs/>.
Find the GDB manual and other documentation resources online at:
<http://www.gnu.org/software/gdb/documentation/>.
For help, type "help".
Type "apropos word" to search for commands related to "word"...
Reading symbols from a.out...done.
(gdb) b main
Breakpoint 1 at 0x7fc: file p1final.c, line 17.
(gdb) r
Starting program: /home/runner/pps-IA1-practice/a.out 
warning: Error disabling address space randomization: Operation not permitted

Breakpoint 1, main () at p1final.c:17
17  {
 
 gcc -g p1final.c
 gdb a.out
GNU gdb (Ubuntu 8.1.1-0ubuntu1) 8.1.1
Copyright (C) 2018 Free Software Foundation, Inc.
License GPLv3+: GNU GPL version 3 or later <http://gnu.org/licenses/gpl.html>
This is free software: you are free to change and redistribute it.
There is NO WARRANTY, to the extent permitted by law.  Type "show copying"
and "show warranty" for details.
This GDB was configured as "x86_64-linux-gnu".
Type "show configuration" for configuration details.
For bug reporting instructions, please see:
<http://www.gnu.org/software/gdb/bugs/>.
Find the GDB manual and other documentation resources online at:
<http://www.gnu.org/software/gdb/documentation/>.
For help, type "help".
Type "apropos word" to search for commands related to "word"...
Reading symbols from a.out...done.
(gdb) b main
Breakpoint 1 at 0x7fc: file p1final.c, line 17.
(gdb) r
Starting program: /home/runner/pps-IA1-practice/a.out 
warning: Error disabling address space randomization: Operation not permitted

Breakpoint 1, main () at p1final.c:17
17  {
(gdb) n
19    input(&a,&b);
(gdb) s
input (a=0x7ffe1d2cb06c, b=0x7ffe1d2cb070) at p1final.c:5
5     printf("enter the valuen of a & b=\n");
(gdb) n
enter the valuen of a & b=
6     scanf("%d%d",a,b);
(gdb) n
44
66
7   }
(gdb) n
main () at p1final.c:20
20    add(a,b,&sum);
(gdb) s
add (a=44, b=66, sum=0x7ffe1d2cb074) at p1final.c:10
10    *sum=a+b;
(gdb) n
11  }
(gdb) n
main () at p1final.c:21
21    output(a,b,sum);
(gdb) s
output (a=44, b=66, sum=110) at p1final.c:14
14    printf("sum of %d and %d=\t%d\n",a,b,sum);
(gdb) n
sum of 44 and 66=   110
15  }
(gdb) n
main () at p1final.c:22
22    return 0;
(gdb) n
23  }(gdb) n
__libc_start_main (main=0x56468c8007f4 <main>, argc=1, argv=0x7ffe1d2cb168, 
    init=<optimized out>, fini=<optimized out>, rtld_fini=<optimized out>, 
    stack_end=0x7ffe1d2cb158) at ../csu/libc-start.c:344
344 ../csu/libc-start.c: No such file or directory.
(gdb) q
A debugging session is active.

    Inferior 1 [process 172] will be killed.

Quit anyway? (y or n) y
 ./a.out
enter the valuen of a & b=
445
667
sum of 445 and 667= 1112
 ./a.out
enter the valuen of a & b=
1
2
sum of 1 and 2= 3
 